<root>These should become headings:

<h level="2" i="1">== h ==<comment>&lt;!--c1--&gt;</comment></h>

<h level="2" i="2">== h == 	<comment>&lt;!--c1--&gt;</comment></h>

<h level="2" i="3">== h ==<comment>&lt;!--c1--&gt;</comment> 	</h>

<h level="2" i="4">== h == 	<comment>&lt;!--c1--&gt;</comment> 	</h>

<h level="2" i="5">== h ==<comment>&lt;!--c1--&gt;</comment><comment>&lt;!--c2--&gt;</comment></h>

<h level="2" i="6">== h == 	<comment>&lt;!--c1--&gt;</comment><comment>&lt;!--c2--&gt;</comment></h>

<h level="2" i="7">== h ==<comment>&lt;!--c1--&gt;</comment><comment>&lt;!--c2--&gt;</comment> 	</h>

<h level="2" i="8">== h == 	<comment>&lt;!--c1--&gt;</comment><comment>&lt;!--c2--&gt;</comment> 	</h>

<h level="2" i="9">== h == 	<comment>&lt;!--c1--&gt;</comment>  <comment>&lt;!--c2--&gt;</comment></h>

<h level="2" i="10">== h ==<comment>&lt;!--c1--&gt;</comment>  <comment>&lt;!--c2--&gt;</comment> 	</h>

<h level="2" i="11">== h == 	<comment>&lt;!--c1--&gt;</comment>  <comment>&lt;!--c2--&gt;</comment> 	</h>

<h level="2" i="12">== h ==<comment>&lt;!--c1--&gt;</comment><comment>&lt;!--c2--&gt;</comment><comment>&lt;!--c3--&gt;</comment></h>

<h level="2" i="13">== h ==<comment>&lt;!--c1--&gt;</comment>  <comment>&lt;!--c2--&gt;</comment><comment>&lt;!--c3--&gt;</comment></h>

<h level="2" i="14">== h ==<comment>&lt;!--c1--&gt;</comment><comment>&lt;!--c2--&gt;</comment>  <comment>&lt;!--c3--&gt;</comment></h>

<h level="2" i="15">== h ==<comment>&lt;!--c1--&gt;</comment>  <comment>&lt;!--c2--&gt;</comment>  <comment>&lt;!--c3--&gt;</comment></h>

<h level="2" i="16">== h ==  <comment>&lt;!--c1--&gt;</comment><comment>&lt;!--c2--&gt;</comment><comment>&lt;!--c3--&gt;</comment></h>

<h level="2" i="17">== h ==  <comment>&lt;!--c1--&gt;</comment>  <comment>&lt;!--c2--&gt;</comment><comment>&lt;!--c3--&gt;</comment></h>

<h level="2" i="18">== h ==  <comment>&lt;!--c1--&gt;</comment><comment>&lt;!--c2--&gt;</comment>  <comment>&lt;!--c3--&gt;</comment></h>

<h level="2" i="19">== h ==  <comment>&lt;!--c1--&gt;</comment>  <comment>&lt;!--c2--&gt;</comment>  <comment>&lt;!--c3--&gt;</comment></h>

<h level="2" i="20">== h ==<comment>&lt;!--c1--&gt;</comment><comment>&lt;!--c2--&gt;</comment><comment>&lt;!--c3--&gt;</comment>  </h>

<h level="2" i="21">== h ==<comment>&lt;!--c1--&gt;</comment>  <comment>&lt;!--c2--&gt;</comment><comment>&lt;!--c3--&gt;</comment>  </h>

<h level="2" i="22">== h ==<comment>&lt;!--c1--&gt;</comment><comment>&lt;!--c2--&gt;</comment>  <comment>&lt;!--c3--&gt;</comment>  </h>

<h level="2" i="23">== h ==<comment>&lt;!--c1--&gt;</comment>  <comment>&lt;!--c2--&gt;</comment>  <comment>&lt;!--c3--&gt;</comment>  </h>

<h level="2" i="24">== h ==  <comment>&lt;!--c1--&gt;</comment><comment>&lt;!--c2--&gt;</comment><comment>&lt;!--c3--&gt;</comment>  </h>

<h level="2" i="25">== h ==  <comment>&lt;!--c1--&gt;</comment>  <comment>&lt;!--c2--&gt;</comment><comment>&lt;!--c3--&gt;</comment>  </h>

<h level="2" i="26">== h ==  <comment>&lt;!--c1--&gt;</comment><comment>&lt;!--c2--&gt;</comment>  <comment>&lt;!--c3--&gt;</comment>  </h>

<h level="2" i="27">== h ==  <comment>&lt;!--c1--&gt;</comment>  <comment>&lt;!--c2--&gt;</comment>  <comment>&lt;!--c3--&gt;</comment>  </h>


Those are not working:

== h ==<comment>&lt;!--c1--&gt;</comment> 	<comment>&lt;!--c2--&gt;</comment>

== h == 	<comment>&lt;!--c1--&gt;</comment> 	<comment>&lt;!--c2--&gt;</comment>

== h ==<comment>&lt;!--c1--&gt;</comment> 	<comment>&lt;!--c2--&gt;</comment> 	

== h == x <comment>&lt;!--c1--&gt;</comment><comment>&lt;!--c2--&gt;</comment><comment>&lt;!--c3--&gt;</comment>  

== h ==<comment>&lt;!--c1--&gt;</comment> x <comment>&lt;!--c2--&gt;</comment><comment>&lt;!--c3--&gt;</comment>  

== h ==<comment>&lt;!--c1--&gt;</comment><comment>&lt;!--c2--&gt;</comment><comment>&lt;!--c3--&gt;</comment> x 
</root>