<root>&lt;div name=&quot;fundraising&quot; id=&quot;fundraising&quot; class=&quot;plainlinks&quot; style=&quot;margin-top:5px; text-align: center; background-color: #ffffe0; border: solid 1px #e0e0c0&quot;&gt;
'''Pwede kang [[Wikimedia:give the gift of knowledge|maghandog ng kaalaman]] sa paraan ng [[Wikimedia:Fundraising#Donation_methods|pagbibigay ng donasyon sa Pundasyong Wikimedia!]]'''
&lt;br /&gt;
&lt;fundraising/&gt;
&amp;nbsp;&amp;nbsp;&amp;nbsp;&amp;nbsp;&amp;nbsp;&amp;nbsp;
&lt;fundraisinglogo/&gt;
&lt;br /&gt;
&lt;b&gt;Ngayon, ang iyong [[Wikimedia:Fundraising|kontribusyon]] ay [[Wikimedia:Fundraising FAQ|itatambal]] ng isang anonimong kaibigan.&lt;/b&gt;
&lt;br /&gt;
&lt;small&gt;
[[Wikimedia:Deductibility of donations|Pagbabawas sa mga buwis ng donasyon]]
|
[[Wikimedia:Fundraising FAQ|FAQ]]
|
[http://upload.wikimedia.org/wikipedia/foundation/2/28/Wikimedia_2006_fs.pdf Mga pampananalaping pahayag]
&lt;/small&gt;
&lt;/div&gt;
</root>